{
  "tagPosts": [
    {
      "id": "1",
      "title": "test0",
      "user": {
        "id": "1",
        "name": "test0"
      }
    },
    {
      "id": "2",
      "title": "test1",
      "user": {
        "id": "1",
        "name": "test0"
      }
    },
    {
      "id": "3",
      "title": "test2",
      "user": {
        "id": "1",
        "name": "test0"
      }
    }
  ]
}