{
  "users": [
    {
      "email": "test0@example.com",
      "picture": "https://images.ctfassets.net/xsbsj4s4spn6/63gTAXfljeNEDb65PW4uOc/3691198754392411b00a9f7a20df78a1/2021_lal_mr_yearbook_cover_v1_jd-1328.jpg?q=80"
    },
    {
      "email": "test1@example.com",
      "picture": "https://images.ctfassets.net/xsbsj4s4spn6/63gTAXfljeNEDb65PW4uOc/3691198754392411b00a9f7a20df78a1/2021_lal_mr_yearbook_cover_v1_jd-1328.jpg?q=80"
    },
    {
      "email": "test2@example.com",
      "picture": "https://images.ctfassets.net/xsbsj4s4spn6/63gTAXfljeNEDb65PW4uOc/3691198754392411b00a9f7a20df78a1/2021_lal_mr_yearbook_cover_v1_jd-1328.jpg?q=80"
    },
    {
      "email": "test3@example.com",
      "picture": "https://images.ctfassets.net/xsbsj4s4spn6/63gTAXfljeNEDb65PW4uOc/3691198754392411b00a9f7a20df78a1/2021_lal_mr_yearbook_cover_v1_jd-1328.jpg?q=80"
    },
    {
      "email": "test4@example.com",
      "picture": "https://images.ctfassets.net/xsbsj4s4spn6/63gTAXfljeNEDb65PW4uOc/3691198754392411b00a9f7a20df78a1/2021_lal_mr_yearbook_cover_v1_jd-1328.jpg?q=80"
    }
  ]
}