{
  "tags": [
    {
      "id": "1",
      "name": "test tag0"
    },
    {
      "id": "2",
      "name": "test tag1"
    },
    {
      "id": "3",
      "name": "test tag2"
    },
    {
      "id": "4",
      "name": "test tag3"
    },
    {
      "id": "5",
      "name": "test tag4"
    },
    {
      "id": "6",
      "name": "test tag5"
    },
    {
      "id": "7",
      "name": "test tag6"
    },
    {
      "id": "8",
      "name": "test tag7"
    },
    {
      "id": "9",
      "name": "test tag8"
    },
    {
      "id": "10",
      "name": "test tag9"
    },
    {
      "id": "11",
      "name": "test tag10"
    },
    {
      "id": "12",
      "name": "test tag11"
    },
    {
      "id": "13",
      "name": "test tag12"
    },
    {
      "id": "14",
      "name": "test tag13"
    },
    {
      "id": "15",
      "name": "test tag14"
    },
    {
      "id": "16",
      "name": "test tag15"
    },
    {
      "id": "17",
      "name": "test tag16"
    },
    {
      "id": "18",
      "name": "test tag17"
    },
    {
      "id": "19",
      "name": "test tag18"
    },
    {
      "id": "20",
      "name": "test tag19"
    },
    {
      "id": "21",
      "name": "test tag20"
    },
    {
      "id": "22",
      "name": "test tag21"
    },
    {
      "id": "23",
      "name": "test tag22"
    },
    {
      "id": "24",
      "name": "test tag23"
    },
    {
      "id": "25",
      "name": "test tag24"
    }
  ]
}